---
source: tests/golden_tests.rs
input_file: tests/golden_tests/compile_file_o_all/addition.bend
---
@main = a
  & @main__C0 ~ (8 a)

@main__C0 = (a b)
  & $(1 $([+] $(a b))) ~ [+1]
