---
source: tests/golden_tests.rs
input_file: tests/golden_tests/compile_long/huge_tree.bend
---
Compiled
