---
source: tests/golden_tests.rs
input_file: tests/golden_tests/compile_file_o_all/adt_string.bend
---
[4m[1m[31mErrors:[0m
In tests/golden_tests/compile_file_o_all/adt_string.bend :
Redefinition of builtin (type) 'String'.
[0m  1 | [4m[31mtype String = S
[0m  2 | [4m[31m
[0m  3 | [4m[31m[0mmain = String/S[0m
