---
source: tests/golden_tests.rs
input_file: tests/golden_tests/io/load.bend
---
Strict mode:
"Contents\n"
