---
source: tests/golden_tests.rs
input_file: tests/golden_tests/parse_file/fun_def.bend
---
(main) = let base = 0; def (aux []) = base(aux (List/Cons head tail)) = (+ head (aux tail))(aux [1, 2, 3])
