---
source: tests/golden_tests.rs
input_file: tests/golden_tests/parse_file/scape_chars.bend
---
(main) = (String/Cons 92 (String/Cons 32 (String/Cons 10 (String/Cons 32 (String/Cons 9 (String/Cons 32 (String/Cons 34 String/Nil)))))))

(String/Nil) = 位%x (%x 0)

(String/Cons) = 位head 位tail 位%x (%x 1 head tail)
