---
source: tests/golden_tests.rs
input_file: tests/golden_tests/run_file/world.bend
---
NumScott:
λa (a String/Cons/tag 127758 "")

Scott:
"🌎"
