---
source: tests/golden_tests.rs
input_file: tests/golden_tests/run_file/box.bend
---
NumScott:
位a (a 0 位b (b 0 10))

Scott:
位a (a 位b (b 10))
