---
source: tests/golden_tests.rs
input_file: tests/golden_tests/run_file/nested_list_and_string.bend
---
λa [a, λ* 2, λe λ* (e [7, "1234", 9] λm λ* (m a λn λ* (n * "42")))]
