---
source: tests/golden_tests.rs
input_file: tests/golden_tests/run_file/wrong_string.bend
---
NumScott:
λa (a 1 λ* 4 λb (b 1 * ""))

Scott:
λ* λa (a λ* 4 λ* λb (b * ""))
